  401268       3B Code                IEXE32_TEXT
  4012A4       A3 Code                INIT_TEXT
  401348      B4F Code                RESCODE_TEXT
  401E98      678 Code                SAMAN001_TEXT
  402510     2C0D Code                SAMAN002_TEXT
  405120      65F Code                SAMAN003_TEXT
  405780      65F Code                SAMAN004_TEXT
  405DE0     22CF Code                SAMAN005_TEXT
  4080B0      63C Code                SAMAN006_TEXT
  4086EC     22FC Code                SAMAN007_TEXT
  40A9E8      641 Code                SAMAN008_TEXT
  40B02C     33A0 Code                SAMAN009_TEXT
  40E3CC     26AE Code                SAMAN014_TEXT
  410A7C      641 Code                SAMAN015_TEXT
  4110C0      641 Code                SAMAN016_TEXT
  411704     311B Code                SAMAN017_TEXT
  414820     2E06 Code                SAMAN018_TEXT
  417628     2DF5 Code                SAMAN019_TEXT
  41A420     1F4D Code                SAMAN020_TEXT
  41C370     1BFB Code                SAMAN021_TEXT
  41DF6C     1BCE Code                SAMAN022_TEXT
  41FB3C     2343 Code                SAMAN023_TEXT
  421E80     1962 Code                SAMAN024_TEXT
  4237E4     2D6D Code                SAMAN025_TEXT
  426554      2A5 Code                SAMAN026_TEXT
  4267FC      3B2 Code                SAMAN027_TEXT
  426BB0      8D8 Code                SAMAN_RD_TEXT
  427488      B65 Code                SAMAN_RU_TEXT
  427FF0     3DA1 Code                SAMAN_SF_TEXT
  42BD94       10 Code                SAMAN_TEXT
  42C000        1 Un-initialized Data SAMAN002_BSS
  42C004        1 Un-initialized Data SAMAN003_BSS
  42C008        1 Un-initialized Data SAMAN004_BSS
  42C00C        1 Un-initialized Data SAMAN005_BSS
  42C010        1 Un-initialized Data SAMAN006_BSS
  42C014        1 Un-initialized Data SAMAN007_BSS
  42C018        1 Un-initialized Data SAMAN008_BSS
  42C01C        1 Un-initialized Data SAMAN009_BSS
  42C020        1 Un-initialized Data SAMAN014_BSS
  42C024        1 Un-initialized Data SAMAN015_BSS
  42C028        1 Un-initialized Data SAMAN016_BSS
  42C02C       87 Un-initialized Data SAMAN017_BSS
  42C0B4       19 Un-initialized Data SAMAN018_BSS
  42C0D0       22 Un-initialized Data SAMAN019_BSS
  42C0F4        1 Un-initialized Data SAMAN020_BSS
  42C0F8        1 Un-initialized Data SAMAN021_BSS
  42C0FC        1 Un-initialized Data SAMAN022_BSS
  42C100        1 Un-initialized Data SAMAN023_BSS
  42C104       51 Un-initialized Data SAMAN024_BSS
  42C158       23 Un-initialized Data SAMAN025_BSS
  42C17C      2FC Un-initialized Data SAMAN_BSS
  42C478      200 Un-initialized Data SAMAN_RU_BSS
  42C678       1C Un-initialized Data SAMAN_SF_BSS
  42C694        0 Un-initialized Data _INST_BS
  42C694       30 Un-initialized Data _INST_BSS
  42C6C4        4 Un-initialized Data _INST_BSS_END
  42D000       30 Initialized Data    IEXE32_DATA
  42D030       60 Initialized Data    RESCODE_DATA
  42D090       9C Initialized Data    SAMAN001_CONST
  42D12C      18F Initialized Data    SAMAN002_CONST
  42D2BC       70 Initialized Data    SAMAN002_DATA
  42D32C       B3 Initialized Data    SAMAN003_CONST
  42D3E0       40 Initialized Data    SAMAN003_DATA
  42D420       B3 Initialized Data    SAMAN004_CONST
  42D4D4       40 Initialized Data    SAMAN004_DATA
  42D514      16F Initialized Data    SAMAN005_CONST
  42D684       50 Initialized Data    SAMAN005_DATA
  42D6D4       BB Initialized Data    SAMAN006_CONST
  42D790       34 Initialized Data    SAMAN006_DATA
  42D7C4      16F Initialized Data    SAMAN007_CONST
  42D934       54 Initialized Data    SAMAN007_DATA
  42D988       BB Initialized Data    SAMAN008_CONST
  42DA44       34 Initialized Data    SAMAN008_DATA
  42DA78      1CB Initialized Data    SAMAN009_CONST
  42DC44       98 Initialized Data    SAMAN009_DATA
  42DCDC      173 Initialized Data    SAMAN014_CONST
  42DE50       54 Initialized Data    SAMAN014_DATA
  42DEA4       BB Initialized Data    SAMAN015_CONST
  42DF60       34 Initialized Data    SAMAN015_DATA
  42DF94       BB Initialized Data    SAMAN016_CONST
  42E050       34 Initialized Data    SAMAN016_DATA
  42E084      34B Initialized Data    SAMAN017_CONST
  42E3D0       78 Initialized Data    SAMAN017_DATA
  42E448      36B Initialized Data    SAMAN018_CONST
  42E7B4       78 Initialized Data    SAMAN018_DATA
  42E82C      363 Initialized Data    SAMAN019_CONST
  42EB90       78 Initialized Data    SAMAN019_DATA
  42EC08      10F Initialized Data    SAMAN020_CONST
  42ED18       54 Initialized Data    SAMAN020_DATA
  42ED6C      10B Initialized Data    SAMAN021_CONST
  42EE78       54 Initialized Data    SAMAN021_DATA
  42EECC      10B Initialized Data    SAMAN022_CONST
  42EFD8       50 Initialized Data    SAMAN022_DATA
  42F028      113 Initialized Data    SAMAN023_CONST
  42F13C       70 Initialized Data    SAMAN023_DATA
  42F1AC      1FF Initialized Data    SAMAN024_CONST
  42F3AC      367 Initialized Data    SAMAN025_CONST
  42F714       78 Initialized Data    SAMAN025_DATA
  42F78C       23 Initialized Data    SAMAN026_CONST
  42F7B0       23 Initialized Data    SAMAN027_CONST
  42F7D4       C7 Initialized Data    SAMAN_CONST
  42F89C      4F1 Initialized Data    SAMAN_DATA
  42FD90       A8 Initialized Data    SAMAN_RD_CONST
  42FE38      15C Initialized Data    SAMAN_RU_CONST
  42FF94     128A Initialized Data    SAMAN_SF_CONST
  431220      246 Initialized Data    SAMAN_SF_DATA
  431468        0 Initialized Data    _INST_DAT
  431468        0 Initialized Data    _INST_DATA_END
  431468        0 Initialized Data    __CPPINI_CONS
  431468       18 Initialized Data    __CPPINI_CONST
  431480        4 Initialized Data    __CPPINI_END
  431484        8 Initialized Data    __INITVMT_CONST
  43148C        0 Initialized Data    __INIVMT_CONS
  43148C        0 Initialized Data    __INIVMT_CONST_END

  401348 DESTROY@F16WINDOWRESIZETYPE
  40178C RESIZE@F16WINDOWRESIZETYPE
  401C24 INITIALIZE@F16WINDOWRESIZETYPEl
  401F70 MAIN@F
  404A1C BROWSECLIENTES@F
  4052B0 PRINTCLI:PORCODI@F
  405910 PRINTCLI:APEYNOM@F
  407B70 BROWSETIPOS@F
  408240 PRINTTIP:PRINCIPAL@F
  40A4AC BROWSECAJAS@F
  40AB78 PRINTCAJ:KEYCÓDIGO@F
  40DB44 BROWSESAMAN@F
  4104E8 BROWSEPLACAS@F
  410C0C PRINTPLA:CODICLAVE@F
  411250 PRINTPLA:DESCRICLAVE@F
  413E24 UPDATECLIENTES@F
  416C24 UPDATETIPOS@F
  419A24 UPDATECAJAS@F
  41BE04 SELECTPLACAS@F
  41DA4C SELECTCAJAS@F
  41F618 SELECTTIPOS@F
  4217E0 SELECTCLIENTES@F
  422B28 UPDATESAMAN@F
  425B6C UPDATEPLACAS@F
  42662C ELEGIR@F
  426984 INICIAL@F
  426BB0 RIDELETE:TIPOS:SAMAN@F
  426C8C RIDELETE:CAJAS:SAMAN@F
  426D68 RIDELETE:CLIENTES:SAMAN@F
  426E4C RIDELETE:TIPOS@F
  426FA0 RIDELETE:SAMAN@F
  4270AC RIDELETE:PLACAS@F
  4271D0 RIDELETE:CAJAS@F
  42733C RIDELETE:CLIENTES@F
  427488 RIUPDATE:TIPOS:SAMAN@F
  427598 RIUPDATE:CAJAS:SAMAN@F
  4276A8 RIUPDATE:CLIENTES:SAMAN@F
  427794 RISNAP:TIPOS@F
  4277D4 RIUPDATE:TIPOS@FUc
  42798C RISNAP:SAMAN@F
  42799C RIUPDATE:SAMAN@FUc
  427AD8 RISNAP:PLACAS@F
  427AE8 RIUPDATE:PLACAS@FUc
  427C24 RISNAP:CAJAS@F
  427C64 RIUPDATE:CAJAS@FUc
  427E1C RISNAP:CLIENTES@F
  427E50 RIUPDATE:CLIENTES@FUc
  427FF0 RISAVEERROR@F
  42804C NEXTREALSTOP@F
  4280A4 SETUPREALSTOPS@Fdd
  4280E0 NEXTSTRINGSTOP@F
  4282D4 SETUPSTRINGSTOPS@FsbsblOl
  4288C0 STANDARDWARNING@Flsbsb
  42A3F4 STANDARDWARNING@Flsb
  42A43C STANDARDWARNING@Fl
  42A474 PREVIEW:SELECTDISPLAY@FRlRl
  42A4D0 PREVIEW:JUMPTOPAGE@Fll
  42B344 REPORTPREVIEW@FBq
  42BBE8 CHECKOPEN@FBfOUcOUc
  42BD94 _main
  42C030 UPDATECLIENTES$WINDOWPOSINIT
  42C034 UPDATECLIENTES$WINDOWYPOS
  42C038 UPDATECLIENTES$WINDOWXPOS
  42C03C UPDATECLIENTES$HISTORY::CLI:RECORD
  42C0B8 UPDATETIPOS$WINDOWPOSINIT
  42C0BC UPDATETIPOS$WINDOWYPOS
  42C0C0 UPDATETIPOS$WINDOWXPOS
  42C0C4 UPDATETIPOS$HISTORY::TIP:RECORD
  42C0D4 UPDATECAJAS$WINDOWPOSINIT
  42C0D8 UPDATECAJAS$WINDOWYPOS
  42C0DC UPDATECAJAS$WINDOWXPOS
  42C0E0 UPDATECAJAS$HISTORY::CAJ:RECORD
  42C108 UPDATESAMAN$WINDOWPOSINIT
  42C10C UPDATESAMAN$WINDOWYPOS
  42C110 UPDATESAMAN$WINDOWXPOS
  42C114 UPDATESAMAN$HISTORY::HIS:RECORD
  42C15C UPDATEPLACAS$WINDOWPOSINIT
  42C160 UPDATEPLACAS$WINDOWYPOS
  42C164 UPDATEPLACAS$WINDOWXPOS
  42C168 UPDATEPLACAS$HISTORY::PLA:RECORD
  42C17C $SON
  42C180 MEMOS$CLIENTES
  42C1F8 TIPOS$TIP:RECORD
  42C204 CAJAS$CAJ:RECORD
  42C218 MEMOS$SAMAN
  42C25C MEMOS$PLACAS
  42C270 $SAVEFILEERROR
  42C370 $SAVEFILEERRORCODE
  42C374 $SAVEERROR
  42C474 $SAVEERRORCODE
  42C478 SAMAN_RU$HOLDPOSITION
  42C678 SAMAN_SF$_NN16
  42C694 SAMAN_RU$SAV
  42C6A4 $GLOBALREQUEST
  42C6A8 $GLOBALRESPONSE
  42C6AC $VCRREQUEST
  42C6B0 $PLACAS::USED
  42C6B4 $SAMAN::USED
  42C6B8 $CAJAS::USED
  42C6BC $TIPOS::USED
  42C6C0 $CLIENTES::USED
  42D030 TYPE$WINDOWRESIZETYPE
  42D058 VMT$WINDOWRESIZETYPE
  42D064 TYPE$CONTROLQUEUETYPE
  42D2BC BROWSECLIENTES$TYPE$BROWSEBUTTONS
  42D2D4 BROWSECLIENTES$TYPE$QUEUE:BROWSE:1
  42D318 BROWSECLIENTES$VCB$BRW1::VIEW:BROWSE
  42D3E0 PRINTCLI:PORCODI$TYPE$PRINTPREVIEWQUEUE
  42D40C PRINTCLI:PORCODI$VCB$PROCESS:VIEW
  42D4D4 PRINTCLI:APEYNOM$TYPE$PRINTPREVIEWQUEUE
  42D500 PRINTCLI:APEYNOM$VCB$PROCESS:VIEW
  42D684 BROWSETIPOS$TYPE$BROWSEBUTTONS
  42D69C BROWSETIPOS$TYPE$QUEUE:BROWSE:1
  42D6C0 BROWSETIPOS$VCB$BRW1::VIEW:BROWSE
  42D790 PRINTTIP:PRINCIPAL$TYPE$PRINTPREVIEWQUEUE
  42D7B0 PRINTTIP:PRINCIPAL$VCB$PROCESS:VIEW
  42D934 BROWSECAJAS$TYPE$BROWSEBUTTONS
  42D94C BROWSECAJAS$TYPE$QUEUE:BROWSE:1
  42D974 BROWSECAJAS$VCB$BRW1::VIEW:BROWSE
  42DA44 PRINTCAJ:KEYCÓDIGO$TYPE$PRINTPREVIEWQUEUE
  42DA64 PRINTCAJ:KEYCÓDIGO$VCB$PROCESS:VIEW
  42DC44 BROWSESAMAN$TYPE$BROWSEBUTTONS
  42DC5C BROWSESAMAN$TYPE$QUEUE:BROWSE:1
  42DCC8 BROWSESAMAN$VCB$BRW1::VIEW:BROWSE
  42DE50 BROWSEPLACAS$TYPE$BROWSEBUTTONS
  42DE68 BROWSEPLACAS$TYPE$QUEUE:BROWSE:1
  42DE90 BROWSEPLACAS$VCB$BRW1::VIEW:BROWSE
  42DF60 PRINTPLA:CODICLAVE$TYPE$PRINTPREVIEWQUEUE
  42DF80 PRINTPLA:CODICLAVE$VCB$PROCESS:VIEW
  42E050 PRINTPLA:DESCRICLAVE$TYPE$PRINTPREVIEWQUEUE
  42E070 PRINTPLA:DESCRICLAVE$VCB$PROCESS:VIEW
  42E3D0 UPDATECLIENTES$TYPE$BROWSEBUTTONS
  42E3E8 UPDATECLIENTES$TYPE$QUEUE:BROWSE:2
  42E434 UPDATECLIENTES$VCB$BRW2::VIEW:BROWSE
  42E7B4 UPDATETIPOS$TYPE$BROWSEBUTTONS
  42E7CC UPDATETIPOS$TYPE$QUEUE:BROWSE:2
  42E818 UPDATETIPOS$VCB$BRW2::VIEW:BROWSE
  42EB90 UPDATECAJAS$TYPE$BROWSEBUTTONS
  42EBA8 UPDATECAJAS$TYPE$QUEUE:BROWSE:2
  42EBF4 UPDATECAJAS$VCB$BRW2::VIEW:BROWSE
  42ED18 SELECTPLACAS$TYPE$BROWSEBUTTONS
  42ED30 SELECTPLACAS$TYPE$QUEUE:BROWSE:1
  42ED58 SELECTPLACAS$VCB$BRW1::VIEW:BROWSE
  42EE78 SELECTCAJAS$TYPE$BROWSEBUTTONS
  42EE90 SELECTCAJAS$TYPE$QUEUE:BROWSE:1
  42EEB8 SELECTCAJAS$VCB$BRW1::VIEW:BROWSE
  42EFD8 SELECTTIPOS$TYPE$BROWSEBUTTONS
  42EFF0 SELECTTIPOS$TYPE$QUEUE:BROWSE:1
  42F014 SELECTTIPOS$VCB$BRW1::VIEW:BROWSE
  42F13C SELECTCLIENTES$TYPE$BROWSEBUTTONS
  42F154 SELECTCLIENTES$TYPE$QUEUE:BROWSE:1
  42F198 SELECTCLIENTES$VCB$BRW1::VIEW:BROWSE
  42F714 UPDATEPLACAS$TYPE$BROWSEBUTTONS
  42F72C UPDATEPLACAS$TYPE$QUEUE:BROWSE:2
  42F778 UPDATEPLACAS$VCB$BRW2::VIEW:BROWSE
  42F89C CLIENTES$TYPE$CLI:RECORD
  42F92C CLIENTES$CLI:PORCODI
  42F958 CLIENTES$CLI:APEYNOM
  42F97C KEYS$CLIENTES
  42F984 $CLIENTES
  42F9C0 TIPOS$TYPE$TIP:RECORD
  42F9E8 TIPOS$TIP:PRINCIPAL
  42FA0C KEYS$TIPOS
  42FA10 $TIPOS
  42FA4C CAJAS$TYPE$CAJ:RECORD
  42FA80 CAJAS$CAJ:KEYCÓDIGO
  42FAA4 KEYS$CAJAS
  42FAA8 $CAJAS
  42FAE4 SAMAN$TYPE$HIS:RECORD
  42FBB8 SAMAN$HIS:PRINCIPAL
  42FBE0 SAMAN$HIS:PLACLAVE
  42FC08 SAMAN$HIS:CAJAS
  42FC30 SAMAN$HIS:CLIENCLAVE
  42FC58 SAMAN$HIS:TIPOCLAVE
  42FC7C KEYS$SAMAN
  42FC90 $SAMAN
  42FCCC PLACAS$TYPE$PLA:RECORD
  42FD00 PLACAS$PLA:CODICLAVE
  42FD28 PLACAS$PLA:DESCRICLAVE
  42FD4C KEYS$PLACAS
  42FD54 $PLACAS
  431220 SAMAN_SF$_NN15
  431484 VMTP$WINDOWRESIZETYPE
  432000 __import_section_start
  433178 __import_section_end

Imports
cw2run32:Cla$ACCEPTED 4322B8,401000
cw2run32:Cla$ADDqueue 4322BC
cw2run32:Cla$ADDqueueptr 4322C0
cw2run32:Cla$BEEP 4322C4,401008
cw2run32:Cla$BindG 4322C8
cw2run32:Cla$BindV 4322CC
cw2run32:Cla$CHANGE 4322D0,401010
cw2run32:Cla$CHOICE 4322D4,401018
cw2run32:Cla$CLEAR 4322D8
cw2run32:Cla$clearstr 4322DC
cw2run32:Cla$ClearType 4322E0
cw2run32:Cla$CLOCK 4322E4,401020
cw2run32:Cla$CLOSEwindow 4322E8,401028
cw2run32:Cla$code 4322EC
cw2run32:Cla$COMMIT 4322F0,401030
cw2run32:Cla$comparestr 4322F4
cw2run32:Cla$CREATE 4322F8
cw2run32:Cla$DecAdd 4322FC
cw2run32:Cla$DecDistinct 432300
cw2run32:Cla$DecDistinctR 432304
cw2run32:Cla$DecDivide 432308
cw2run32:Cla$DecMul 43230C
cw2run32:Cla$DecSub 432310
cw2run32:Cla$DecSubR 432314
cw2run32:Cla$DELETEqueue 432318,401038
cw2run32:Cla$DESTROY 43231C,401040
cw2run32:Cla$DISABLE 432320,401048
cw2run32:Cla$DISPLAY 432324,401050
cw2run32:Cla$DISPOSEqueue 432328
cw2run32:Cla$DPopDec 43232C
cw2run32:Cla$DPopLong 432330
cw2run32:Cla$DPopReal 432334
cw2run32:Cla$DPushDec 432338
cw2run32:Cla$DPushLong 43233C
cw2run32:Cla$duplicate 432340
cw2run32:Cla$ENABLE 432344,401058
cw2run32:Cla$EndEventLoop 432348
cw2run32:Cla$EndEventLoops 43234C
cw2run32:Cla$ENDPAGE 432350,401060
cw2run32:Cla$ERRCODE 432354
cw2run32:Cla$EVENT 432358,401068
cw2run32:Cla$FIELD 43235C,401070
cw2run32:Cla$FILEERRORCODE 432360,401078
cw2run32:Cla$FILEERRORMSG 432364,401080
cw2run32:Cla$FILE_ADDf 432368
cw2run32:Cla$FILE_BUILDf 43236C,401088
cw2run32:Cla$FILE_CLOSE 432370,401090
cw2run32:Cla$FILE_CREATE 432374
cw2run32:Cla$FILE_DELETE 432378,401098
cw2run32:Cla$FILE_DUPLICATEk 43237C,4010A0
cw2run32:Cla$FILE_GETfk 432380
cw2run32:Cla$FILE_GETfl 432384
cw2run32:Cla$FILE_NAME 432388,4010A8
cw2run32:Cla$FILE_NEXT 43238C,4010B0
cw2run32:Cla$FILE_OPEN 432390,4010B8
cw2run32:Cla$FILE_POSITIONf 432394,4010C0
cw2run32:Cla$FILE_POSITIONk 432398,4010C8
cw2run32:Cla$FILE_PREV 43239C,4010D0
cw2run32:Cla$FILE_PUTf 4323A0
cw2run32:Cla$FILE_RECORDSf 4323A4,4010D8
cw2run32:Cla$FILE_REGETf 4323A8,4010E0
cw2run32:Cla$FILE_REGETk 4323AC,4010E8
cw2run32:Cla$FILE_RESETf 4323B0,4010F0
cw2run32:Cla$FILE_RESETk 4323B4,4010F8
cw2run32:Cla$FILE_SEND 4323B8,401100
cw2run32:Cla$FILE_SETk 4323BC,401108
cw2run32:Cla$FILE_SETkk 4323C0,401110
cw2run32:Cla$FILE_SET_PROPERTY 4323C4
cw2run32:Cla$FILE_WATCH 4323C8,401118
cw2run32:Cla$FIRSTFIELD 4323CC,401120
cw2run32:Cla$FOCUS 4323D0,401128
cw2run32:Cla$FREEqueue 4323D4,401130
cw2run32:Cla$freestr 4323D8
cw2run32:Cla$FreeUfo 4323DC
cw2run32:Cla$freewindow 4323E0
cw2run32:Cla$GETPOSITION 4323E4,401138
cw2run32:Cla$GetPropS 4323E8
cw2run32:Cla$GETqueueptr 4323EC
cw2run32:Cla$Group2Ufo 4323F0
cw2run32:Cla$HALT 4323F4,401140
cw2run32:Cla$HIDE 4323F8,401148
cw2run32:Cla$init 4323FC
cw2run32:Cla$IsAlpha 432400,401150
cw2run32:Cla$IsUpper 432404,401158
cw2run32:Cla$KEYCHAR 432408,401160
cw2run32:Cla$KEYCODE 43240C,401168
cw2run32:Cla$LASTFIELD 432410,401170
cw2run32:Cla$LOGOUT 432414
cw2run32:Cla$Mem2Ufo 432418
cw2run32:Cla$MessageBox 43241C,401178
cw2run32:Cla$NEWqueue 432420
cw2run32:Cla$OPENwindow 432424,401180
cw2run32:Cla$paopen 432428
cw2run32:Cla$pmopen 43242C
cw2run32:Cla$PopBind 432430,401188
cw2run32:Cla$PopCString 432434
cw2run32:Cla$PopReal 432438
cw2run32:Cla$PopString 43243C
cw2run32:Cla$PopTemp 432440
cw2run32:Cla$POPUP 432444,401190
cw2run32:Cla$POST 432448,401198
cw2run32:Cla$PRESSKEY 43244C,4011A0
cw2run32:Cla$PRINTreport 432450
cw2run32:Cla$propen 432454
cw2run32:Cla$PushBind 432458,4011A8
cw2run32:Cla$PushCString 43245C
cw2run32:Cla$PushLong 432460
cw2run32:Cla$PushPictDec 432464
cw2run32:Cla$PushPictLong 432468
cw2run32:Cla$PushReal 43246C
cw2run32:Cla$PushString 432470
cw2run32:Cla$pwopen 432474
cw2run32:Cla$RECORDSqueue 432478,4011B0
cw2run32:Cla$REJECTCODE 43247C,4011B8
cw2run32:Cla$ROLLBACK 432480,4011C0
cw2run32:Cla$SELECT 432484,4011C8
cw2run32:Cla$SetCursor 432488,4011D0
cw2run32:Cla$SETKEYCODE 43248C,4011D8
cw2run32:Cla$SETPOSITION 432490,4011E0
cw2run32:Cla$SetPropF 432494
cw2run32:Cla$SetPropQ 432498
cw2run32:Cla$SetPropS 43249C
cw2run32:Cla$SetPropV 4324A0
cw2run32:Cla$SORTqueuekey 4324A4
cw2run32:Cla$Stack2DStack 4324A8
cw2run32:Cla$StackALL 4324AC,4011E8
cw2run32:Cla$StackCLIP 4324B0,4011F0
cw2run32:Cla$StackCompare 4324B4
cw2run32:Cla$StackCompareN 4324B8
cw2run32:Cla$StackCompareR 4324BC
cw2run32:Cla$StackConcat 4324C0
cw2run32:Cla$StackConcatR 4324C4
cw2run32:Cla$StackErrstr 4324C8,4011F8
cw2run32:Cla$StackHeap 4324CC
cw2run32:Cla$StackINSTRING 4324D0,401200
cw2run32:Cla$StackLen 4324D4,401208
cw2run32:Cla$StackLOWER 4324D8,401210
cw2run32:Cla$STACKpop 4324DC
cw2run32:Cla$StackPRESS 4324E0
cw2run32:Cla$StackRotate 4324E4
cw2run32:Cla$StackSUB 4324E8,401218
cw2run32:Cla$StackUPPER 4324EC,401220
cw2run32:Cla$START 4324F0,401228
cw2run32:Cla$StartEventLoop 4324F4
cw2run32:Cla$storecstr 4324F8
cw2run32:Cla$storestr 4324FC
cw2run32:Cla$TODAY 432500,401230
cw2run32:Cla$UNHIDE 432504,401238
cw2run32:Cla$UPDATE 432508,401240
cw2run32:VIEWDRIVER 43250C
cw2run32:Wsl$CloseDown 432510,401248
cw2run32:_exit 432514,401250
cw2run32:_free 432518
cw2run32:_longjmp 43251C
cw2run32:_malloc 432520
cw2run32:_setjmp 432524
cw2run32:__checkversion 432528,401258
cw2run32:__sysinit 43252C,401260
cw2tps32:TOPSPEED 43253C



Entry Point:   401268